// 重构日志: 0f88820f
// 重构日志: 599d80c8
// 重构日志: 210ed751
// 重构日志: 7ef06413
// 重构日志: 533c072b
// 同步 ID: 3e29b2b2 @ Sun Jul 26 11:50:07 UTC 2026
// 同步 ID: 0aa8018e @ Sun Jul 26 16:11:26 UTC 2026
// 同步 ID: 1792ff97 @ Mon Jul 27 17:47:15 UTC 2026
// 重构日志: 1076879d
// 重构日志: 696d2f7b
// 同步 ID: ab0762c1 @ Tue Jul 28 15:58:16 UTC 2026
// 同步 ID: 31c2d7a7 @ Wed Jul 29 07:58:13 UTC 2026
// 同步 ID: 4e6fd886 @ Wed Jul 29 16:24:35 UTC 2026
// 重构日志: 0e8b473b
// 重构日志: 1d477aa6
// 重构日志: 88a72253
// 重构日志: 95be1729
// 重构日志: 4e0fea08
// 重构日志: b597fbf3
// 重构日志: 6643113c
// 重构日志: c73f7374
// 重构日志: 442878f3
// 重构日志: fcdaf483
// 重构日志: eee188dd
// 同步 ID: 29c75602 @ Wed Aug  5 00:29:24 UTC 2026
// 重构日志: c6ea65a6
// 重构日志: 9311b959
// 重构日志: f98191c3
// 同步 ID: d95a5644 @ Fri Aug  7 07:31:12 UTC 2026
// 同步 ID: 74a110e9 @ Fri Aug  7 13:17:26 UTC 2026
